15:12:42 **** Build of project helloworld_bsp ****
make -k all 
"Running Make include in ps7_cortexa9_0/libsrc/coresightps_dcc_v1_4/src"
make -C ps7_cortexa9_0/libsrc/coresightps_dcc_v1_4/src -s include  "SHELL=CMD" "COMPILER=arm-none-eabi-gcc" "ARCHIVER=arm-none-eabi-ar" "COMPILER_FLAGS=  -O2 -c" "EXTRA_COMPILER_FLAGS=-mcpu=cortex-a9 -mfpu=vfpv3 -mfloat-abi=hard -nostartfiles -g -Wall -Wextra"
"Running Make include in ps7_cortexa9_0/libsrc/cpu_cortexa9_v2_6/src"
make -C ps7_cortexa9_0/libsrc/cpu_cortexa9_v2_6/src -s include  "SHELL=CMD" "COMPILER=arm-none-eabi-gcc" "ARCHIVER=arm-none-eabi-ar" "COMPILER_FLAGS=  -O2 -c" "EXTRA_COMPILER_FLAGS=-mcpu=cortex-a9 -mfpu=vfpv3 -mfloat-abi=hard -nostartfiles -g -Wall -Wextra"
"Running Make include in ps7_cortexa9_0/libsrc/ddrps_v1_0/src"
make -C ps7_cortexa9_0/libsrc/ddrps_v1_0/src -s include  "SHELL=CMD" "COMPILER=arm-none-eabi-gcc" "ARCHIVER=arm-none-eabi-ar" "COMPILER_FLAGS=  -O2 -c" "EXTRA_COMPILER_FLAGS=-mcpu=cortex-a9 -mfpu=vfpv3 -mfloat-abi=hard -nostartfiles -g -Wall -Wextra"
"Running Make include in ps7_cortexa9_0/libsrc/devcfg_v3_5/src"
make -C ps7_cortexa9_0/libsrc/devcfg_v3_5/src -s include  "SHELL=CMD" "COMPILER=arm-none-eabi-gcc" "ARCHIVER=arm-none-eabi-ar" "COMPILER_FLAGS=  -O2 -c" "EXTRA_COMPILER_FLAGS=-mcpu=cortex-a9 -mfpu=vfpv3 -mfloat-abi=hard -nostartfiles -g -Wall -Wextra"
"Running Make include in ps7_cortexa9_0/libsrc/dmaps_v2_3/src"
make -C ps7_cortexa9_0/libsrc/dmaps_v2_3/src -s include  "SHELL=CMD" "COMPILER=arm-none-eabi-gcc" "ARCHIVER=arm-none-eabi-ar" "COMPILER_FLAGS=  -O2 -c" "EXTRA_COMPILER_FLAGS=-mcpu=cortex-a9 -mfpu=vfpv3 -mfloat-abi=hard -nostartfiles -g -Wall -Wextra"
"Running Make include in ps7_cortexa9_0/libsrc/gpio_v4_3/src"
make -C ps7_cortexa9_0/libsrc/gpio_v4_3/src -s include  "SHELL=CMD" "COMPILER=arm-none-eabi-gcc" "ARCHIVER=arm-none-eabi-ar" "COMPILER_FLAGS=  -O2 -c" "EXTRA_COMPILER_FLAGS=-mcpu=cortex-a9 -mfpu=vfpv3 -mfloat-abi=hard -nostartfiles -g -Wall -Wextra"
"Running Make include in ps7_cortexa9_0/libsrc/gpiops_v3_3/src"
make -C ps7_cortexa9_0/libsrc/gpiops_v3_3/src -s include  "SHELL=CMD" "COMPILER=arm-none-eabi-gcc" "ARCHIVER=arm-none-eabi-ar" "COMPILER_FLAGS=  -O2 -c" "EXTRA_COMPILER_FLAGS=-mcpu=cortex-a9 -mfpu=vfpv3 -mfloat-abi=hard -nostartfiles -g -Wall -Wextra"
"Running Make include in ps7_cortexa9_0/libsrc/scugic_v3_9/src"
make -C ps7_cortexa9_0/libsrc/scugic_v3_9/src -s include  "SHELL=CMD" "COMPILER=arm-none-eabi-gcc" "ARCHIVER=arm-none-eabi-ar" "COMPILER_FLAGS=  -O2 -c" "EXTRA_COMPILER_FLAGS=-mcpu=cortex-a9 -mfpu=vfpv3 -mfloat-abi=hard -nostartfiles -g -Wall -Wextra"
"Running Make include in ps7_cortexa9_0/libsrc/scutimer_v2_1/src"
make -C ps7_cortexa9_0/libsrc/scutimer_v2_1/src -s include  "SHELL=CMD" "COMPILER=arm-none-eabi-gcc" "ARCHIVER=arm-none-eabi-ar" "COMPILER_FLAGS=  -O2 -c" "EXTRA_COMPILER_FLAGS=-mcpu=cortex-a9 -mfpu=vfpv3 -mfloat-abi=hard -nostartfiles -g -Wall -Wextra"
"Running Make include in ps7_cortexa9_0/libsrc/scuwdt_v2_1/src"
make -C ps7_cortexa9_0/libsrc/scuwdt_v2_1/src -s include  "SHELL=CMD" "COMPILER=arm-none-eabi-gcc" "ARCHIVER=arm-none-eabi-ar" "COMPILER_FLAGS=  -O2 -c" "EXTRA_COMPILER_FLAGS=-mcpu=cortex-a9 -mfpu=vfpv3 -mfloat-abi=hard -nostartfiles -g -Wall -Wextra"
"Running Make include in ps7_cortexa9_0/libsrc/standalone_v6_7/src"
make -C ps7_cortexa9_0/libsrc/standalone_v6_7/src -s include  "SHELL=CMD" "COMPILER=arm-none-eabi-gcc" "ARCHIVER=arm-none-eabi-ar" "COMPILER_FLAGS=  -O2 -c" "EXTRA_COMPILER_FLAGS=-mcpu=cortex-a9 -mfpu=vfpv3 -mfloat-abi=hard -nostartfiles -g -Wall -Wextra"
"Running Make include in ps7_cortexa9_0/libsrc/uartps_v3_6/src"
make -C ps7_cortexa9_0/libsrc/uartps_v3_6/src -s include  "SHELL=CMD" "COMPILER=arm-none-eabi-gcc" "ARCHIVER=arm-none-eabi-ar" "COMPILER_FLAGS=  -O2 -c" "EXTRA_COMPILER_FLAGS=-mcpu=cortex-a9 -mfpu=vfpv3 -mfloat-abi=hard -nostartfiles -g -Wall -Wextra"
"Running Make include in ps7_cortexa9_0/libsrc/xadcps_v2_2/src"
make -C ps7_cortexa9_0/libsrc/xadcps_v2_2/src -s include  "SHELL=CMD" "COMPILER=arm-none-eabi-gcc" "ARCHIVER=arm-none-eabi-ar" "COMPILER_FLAGS=  -O2 -c" "EXTRA_COMPILER_FLAGS=-mcpu=cortex-a9 -mfpu=vfpv3 -mfloat-abi=hard -nostartfiles -g -Wall -Wextra"
"Running Make libs in ps7_cortexa9_0/libsrc/coresightps_dcc_v1_4/src"
make -C ps7_cortexa9_0/libsrc/coresightps_dcc_v1_4/src -s libs  "SHELL=CMD" "COMPILER=arm-none-eabi-gcc" "ARCHIVER=arm-none-eabi-ar" "COMPILER_FLAGS=  -O2 -c" "EXTRA_COMPILER_FLAGS=-mcpu=cortex-a9 -mfpu=vfpv3 -mfloat-abi=hard -nostartfiles -g -Wall -Wextra"
"Compiling coresightps_dcc"
arm-none-eabi-ar: creating ../../../lib/libxil.a
"Running Make libs in ps7_cortexa9_0/libsrc/cpu_cortexa9_v2_6/src"
make -C ps7_cortexa9_0/libsrc/cpu_cortexa9_v2_6/src -s libs  "SHELL=CMD" "COMPILER=arm-none-eabi-gcc" "ARCHIVER=arm-none-eabi-ar" "COMPILER_FLAGS=  -O2 -c" "EXTRA_COMPILER_FLAGS=-mcpu=cortex-a9 -mfpu=vfpv3 -mfloat-abi=hard -nostartfiles -g -Wall -Wextra"
"Compiling cpu_cortexa9"
"Running Make libs in ps7_cortexa9_0/libsrc/ddrps_v1_0/src"
make -C ps7_cortexa9_0/libsrc/ddrps_v1_0/src -s libs  "SHELL=CMD" "COMPILER=arm-none-eabi-gcc" "ARCHIVER=arm-none-eabi-ar" "COMPILER_FLAGS=  -O2 -c" "EXTRA_COMPILER_FLAGS=-mcpu=cortex-a9 -mfpu=vfpv3 -mfloat-abi=hard -nostartfiles -g -Wall -Wextra"
"Compiling ddrps"
"Running Make libs in ps7_cortexa9_0/libsrc/devcfg_v3_5/src"
make -C ps7_cortexa9_0/libsrc/devcfg_v3_5/src -s libs  "SHELL=CMD" "COMPILER=arm-none-eabi-gcc" "ARCHIVER=arm-none-eabi-ar" "COMPILER_FLAGS=  -O2 -c" "EXTRA_COMPILER_FLAGS=-mcpu=cortex-a9 -mfpu=vfpv3 -mfloat-abi=hard -nostartfiles -g -Wall -Wextra"
"Compiling devcfg"
"Running Make libs in ps7_cortexa9_0/libsrc/dmaps_v2_3/src"
make -C ps7_cortexa9_0/libsrc/dmaps_v2_3/src -s libs  "SHELL=CMD" "COMPILER=arm-none-eabi-gcc" "ARCHIVER=arm-none-eabi-ar" "COMPILER_FLAGS=  -O2 -c" "EXTRA_COMPILER_FLAGS=-mcpu=cortex-a9 -mfpu=vfpv3 -mfloat-abi=hard -nostartfiles -g -Wall -Wextra"
"Compiling dmaps"
"Running Make libs in ps7_cortexa9_0/libsrc/gpio_v4_3/src"
make -C ps7_cortexa9_0/libsrc/gpio_v4_3/src -s libs  "SHELL=CMD" "COMPILER=arm-none-eabi-gcc" "ARCHIVER=arm-none-eabi-ar" "COMPILER_FLAGS=  -O2 -c" "EXTRA_COMPILER_FLAGS=-mcpu=cortex-a9 -mfpu=vfpv3 -mfloat-abi=hard -nostartfiles -g -Wall -Wextra"
"Compiling gpio"
"Running Make libs in ps7_cortexa9_0/libsrc/gpiops_v3_3/src"
make -C ps7_cortexa9_0/libsrc/gpiops_v3_3/src -s libs  "SHELL=CMD" "COMPILER=arm-none-eabi-gcc" "ARCHIVER=arm-none-eabi-ar" "COMPILER_FLAGS=  -O2 -c" "EXTRA_COMPILER_FLAGS=-mcpu=cortex-a9 -mfpu=vfpv3 -mfloat-abi=hard -nostartfiles -g -Wall -Wextra"
"Compiling gpiops"
"Running Make libs in ps7_cortexa9_0/libsrc/scugic_v3_9/src"
make -C ps7_cortexa9_0/libsrc/scugic_v3_9/src -s libs  "SHELL=CMD" "COMPILER=arm-none-eabi-gcc" "ARCHIVER=arm-none-eabi-ar" "COMPILER_FLAGS=  -O2 -c" "EXTRA_COMPILER_FLAGS=-mcpu=cortex-a9 -mfpu=vfpv3 -mfloat-abi=hard -nostartfiles -g -Wall -Wextra"
"Compiling scugic"
"Running Make libs in ps7_cortexa9_0/libsrc/scutimer_v2_1/src"
make -C ps7_cortexa9_0/libsrc/scutimer_v2_1/src -s libs  "SHELL=CMD" "COMPILER=arm-none-eabi-gcc" "ARCHIVER=arm-none-eabi-ar" "COMPILER_FLAGS=  -O2 -c" "EXTRA_COMPILER_FLAGS=-mcpu=cortex-a9 -mfpu=vfpv3 -mfloat-abi=hard -nostartfiles -g -Wall -Wextra"
"Compiling scutimer"
"Running Make libs in ps7_cortexa9_0/libsrc/scuwdt_v2_1/src"
make -C ps7_cortexa9_0/libsrc/scuwdt_v2_1/src -s libs  "SHELL=CMD" "COMPILER=arm-none-eabi-gcc" "ARCHIVER=arm-none-eabi-ar" "COMPILER_FLAGS=  -O2 -c" "EXTRA_COMPILER_FLAGS=-mcpu=cortex-a9 -mfpu=vfpv3 -mfloat-abi=hard -nostartfiles -g -Wall -Wextra"
"Compiling scuwdt"
"Running Make libs in ps7_cortexa9_0/libsrc/standalone_v6_7/src"
make -C ps7_cortexa9_0/libsrc/standalone_v6_7/src -s libs  "SHELL=CMD" "COMPILER=arm-none-eabi-gcc" "ARCHIVER=arm-none-eabi-ar" "COMPILER_FLAGS=  -O2 -c" "EXTRA_COMPILER_FLAGS=-mcpu=cortex-a9 -mfpu=vfpv3 -mfloat-abi=hard -nostartfiles -g -Wall -Wextra"
"Compiling standalone"
In file included from sleep.c:57:0:
xtime_l.h:89:9: note: #pragma message: For the sleep routines, Global timer is being used
 #pragma message ("For the sleep routines, Global timer is being used")
         ^~~~~~~
In file included from usleep.c:60:0:
xtime_l.h:89:9: note: #pragma message: For the sleep routines, Global timer is being used
 #pragma message ("For the sleep routines, Global timer is being used")
         ^~~~~~~
In file included from xil_sleeptimer.c:55:0:
xtime_l.h:89:9: note: #pragma message: For the sleep routines, Global timer is being used
 #pragma message ("For the sleep routines, Global timer is being used")
         ^~~~~~~
In file included from xtime_l.c:53:0:
xtime_l.h:89:9: note: #pragma message: For the sleep routines, Global timer is being used
 #pragma message ("For the sleep routines, Global timer is being used")
         ^~~~~~~
"Running Make libs in ps7_cortexa9_0/libsrc/uartps_v3_6/src"
make -C ps7_cortexa9_0/libsrc/uartps_v3_6/src -s libs  "SHELL=CMD" "COMPILER=arm-none-eabi-gcc" "ARCHIVER=arm-none-eabi-ar" "COMPILER_FLAGS=  -O2 -c" "EXTRA_COMPILER_FLAGS=-mcpu=cortex-a9 -mfpu=vfpv3 -mfloat-abi=hard -nostartfiles -g -Wall -Wextra"
"Compiling uartps"
"Running Make libs in ps7_cortexa9_0/libsrc/xadcps_v2_2/src"
make -C ps7_cortexa9_0/libsrc/xadcps_v2_2/src -s libs  "SHELL=CMD" "COMPILER=arm-none-eabi-gcc" "ARCHIVER=arm-none-eabi-ar" "COMPILER_FLAGS=  -O2 -c" "EXTRA_COMPILER_FLAGS=-mcpu=cortex-a9 -mfpu=vfpv3 -mfloat-abi=hard -nostartfiles -g -Wall -Wextra"
"Compiling xadcps"
'Finished building libraries'
15:12:58 **** Build of configuration Debug for project helloworld ****
make pre-build main-build 
a9-linaro-pre-build-step
' '
'Building file: ../src/helloworld.c'
'Invoking: ARM v7 gcc compiler'
arm-none-eabi-gcc -Wall -O0 -g3 -c -fmessage-length=0 -MT"src/helloworld.o" -mcpu=cortex-a9 -mfpu=vfpv3 -mfloat-abi=hard -I../../helloworld_bsp/ps7_cortexa9_0/include -MMD -MP -MF"src/helloworld.d" -MT"src/helloworld.o" -o "src/helloworld.o" "../src/helloworld.c"
'Finished building: ../src/helloworld.c'
' '
'Building file: ../src/platform.c'
'Invoking: ARM v7 gcc compiler'
arm-none-eabi-gcc -Wall -O0 -g3 -c -fmessage-length=0 -MT"src/platform.o" -mcpu=cortex-a9 -mfpu=vfpv3 -mfloat-abi=hard -I../../helloworld_bsp/ps7_cortexa9_0/include -MMD -MP -MF"src/platform.d" -MT"src/platform.o" -o "src/platform.o" "../src/platform.c"
'Finished building: ../src/platform.c'
' '
'Building target: helloworld.elf'
'Invoking: ARM v7 gcc linker'
arm-none-eabi-gcc -mcpu=cortex-a9 -mfpu=vfpv3 -mfloat-abi=hard -Wl,-build-id=none -specs=Xilinx.spec -Wl,-T -Wl,../src/lscript.ld -L../../helloworld_bsp/ps7_cortexa9_0/lib -o "helloworld.elf"  ./src/helloworld.o ./src/platform.o   -Wl,--start-group,-lxil,-lgcc,-lc,--end-group
'Finished building target: helloworld.elf'
' '
'Invoking: ARM v7 Print Size'
arm-none-eabi-size helloworld.elf  |tee "helloworld.elf.size"
   text	   data	    bss	    dec	    hex	filename
  19352	   1144	  22568	  43064	   a838	helloworld.elf
'Finished building: helloworld.elf.size'
' '
15:13:00 **** Auto Build of configuration Debug for project helloworld ****
make pre-build main-build 
a9-linaro-pre-build-step
' '
make: `main-build'를 위해 할 일이 없습니다
15:13:13 **** Auto Build of configuration Debug for project helloworld ****
make pre-build main-build 
a9-linaro-pre-build-step
' '
'Building file: ../src/helloworld.c'
'Invoking: ARM v7 gcc compiler'
arm-none-eabi-gcc -Wall -O0 -g3 -c -fmessage-length=0 -MT"src/helloworld.o" -mcpu=cortex-a9 -mfpu=vfpv3 -mfloat-abi=hard -I../../helloworld_bsp/ps7_cortexa9_0/include -MMD -MP -MF"src/helloworld.d" -MT"src/helloworld.o" -o "src/helloworld.o" "../src/helloworld.c"
../src/helloworld.c: In function 'main':
../src/helloworld.c:20:21: warning: unused variable 'OldReadstatus' [-Wunused-variable]
 int Readstatus = 0, OldReadstatus = 0;
                     ^~~~~~~~~~~~~
../src/helloworld.c:20:5: warning: unused variable 'Readstatus' [-Wunused-variable]
 int Readstatus = 0, OldReadstatus = 0;
     ^~~~~~~~~~
../src/helloworld.c:15:5: warning: unused variable 'button_data' [-Wunused-variable]
 int button_data = 0;
     ^~~~~~~~~~~
../src/helloworld.c:14:5: warning: unused variable 'switch_data' [-Wunused-variable]
 int switch_data = 0;
     ^~~~~~~~~~~
'Finished building: ../src/helloworld.c'
' '
'Building target: helloworld.elf'
'Invoking: ARM v7 gcc linker'
arm-none-eabi-gcc -mcpu=cortex-a9 -mfpu=vfpv3 -mfloat-abi=hard -Wl,-build-id=none -specs=Xilinx.spec -Wl,-T -Wl,../src/lscript.ld -L../../helloworld_bsp/ps7_cortexa9_0/lib -o "helloworld.elf"  ./src/helloworld.o ./src/platform.o   -Wl,--start-group,-lxil,-lgcc,-lc,--end-group
'Finished building target: helloworld.elf'
' '
'Invoking: ARM v7 Print Size'
arm-none-eabi-size helloworld.elf  |tee "helloworld.elf.size"
   text	   data	    bss	    dec	    hex	filename
  20764	   1176	  22616	  44556	   ae0c	helloworld.elf
'Finished building: helloworld.elf.size'
' '
15:13:14 **** Incremental Build of configuration Debug for project helloworld ****
make pre-build main-build 
a9-linaro-pre-build-step
' '
make: `main-build'를 위해 할 일이 없습니다
15:13:47 **** Auto Build of configuration Debug for project helloworld ****
make pre-build main-build 
a9-linaro-pre-build-step
' '
'Building file: ../src/helloworld.c'
'Invoking: ARM v7 gcc compiler'
arm-none-eabi-gcc -Wall -O0 -g3 -c -fmessage-length=0 -MT"src/helloworld.o" -mcpu=cortex-a9 -mfpu=vfpv3 -mfloat-abi=hard -I../../helloworld_bsp/ps7_cortexa9_0/include -MMD -MP -MF"src/helloworld.d" -MT"src/helloworld.o" -o "src/helloworld.o" "../src/helloworld.c"
../src/helloworld.c: In function 'main':
../src/helloworld.c:20:21: warning: unused variable 'OldReadstatus' [-Wunused-variable]
 int Readstatus = 0, OldReadstatus = 0;
                     ^~~~~~~~~~~~~
../src/helloworld.c:20:5: warning: unused variable 'Readstatus' [-Wunused-variable]
 int Readstatus = 0, OldReadstatus = 0;
     ^~~~~~~~~~
../src/helloworld.c:15:5: warning: unused variable 'button_data' [-Wunused-variable]
 int button_data = 0;
     ^~~~~~~~~~~
../src/helloworld.c:14:5: warning: unused variable 'switch_data' [-Wunused-variable]
 int switch_data = 0;
     ^~~~~~~~~~~
'Finished building: ../src/helloworld.c'
' '
'Building target: helloworld.elf'
'Invoking: ARM v7 gcc linker'
arm-none-eabi-gcc -mcpu=cortex-a9 -mfpu=vfpv3 -mfloat-abi=hard -Wl,-build-id=none -specs=Xilinx.spec -Wl,-T -Wl,../src/lscript.ld -L../../helloworld_bsp/ps7_cortexa9_0/lib -o "helloworld.elf"  ./src/helloworld.o ./src/platform.o   -Wl,--start-group,-lxil,-lgcc,-lc,--end-group
'Finished building target: helloworld.elf'
' '
'Invoking: ARM v7 Print Size'
arm-none-eabi-size helloworld.elf  |tee "helloworld.elf.size"
   text	   data	    bss	    dec	    hex	filename
  20764	   1176	  22616	  44556	   ae0c	helloworld.elf
'Finished building: helloworld.elf.size'
' '
15:13:50 **** Auto Build of configuration Debug for project helloworld ****
make pre-build main-build 
a9-linaro-pre-build-step
' '
'Building file: ../src/helloworld.c'
'Invoking: ARM v7 gcc compiler'
arm-none-eabi-gcc -Wall -O0 -g3 -c -fmessage-length=0 -MT"src/helloworld.o" -mcpu=cortex-a9 -mfpu=vfpv3 -mfloat-abi=hard -I../../helloworld_bsp/ps7_cortexa9_0/include -MMD -MP -MF"src/helloworld.d" -MT"src/helloworld.o" -o "src/helloworld.o" "../src/helloworld.c"
../src/helloworld.c: In function 'main':
../src/helloworld.c:20:21: warning: unused variable 'OldReadstatus' [-Wunused-variable]
 int Readstatus = 0, OldReadstatus = 0;
                     ^~~~~~~~~~~~~
../src/helloworld.c:20:5: warning: unused variable 'Readstatus' [-Wunused-variable]
 int Readstatus = 0, OldReadstatus = 0;
     ^~~~~~~~~~
../src/helloworld.c:15:5: warning: unused variable 'button_data' [-Wunused-variable]
 int button_data = 0;
     ^~~~~~~~~~~
../src/helloworld.c:14:5: warning: unused variable 'switch_data' [-Wunused-variable]
 int switch_data = 0;
     ^~~~~~~~~~~
'Finished building: ../src/helloworld.c'
' '
'Building target: helloworld.elf'
'Invoking: ARM v7 gcc linker'
arm-none-eabi-gcc -mcpu=cortex-a9 -mfpu=vfpv3 -mfloat-abi=hard -Wl,-build-id=none -specs=Xilinx.spec -Wl,-T -Wl,../src/lscript.ld -L../../helloworld_bsp/ps7_cortexa9_0/lib -o "helloworld.elf"  ./src/helloworld.o ./src/platform.o   -Wl,--start-group,-lxil,-lgcc,-lc,--end-group
'Finished building target: helloworld.elf'
' '
'Invoking: ARM v7 Print Size'
arm-none-eabi-size helloworld.elf  |tee "helloworld.elf.size"
   text	   data	    bss	    dec	    hex	filename
  20764	   1176	  22616	  44556	   ae0c	helloworld.elf
'Finished building: helloworld.elf.size'
' '
15:13:52 **** Incremental Build of configuration Debug for project helloworld ****
make pre-build main-build 
a9-linaro-pre-build-step
' '
make: `main-build'를 위해 할 일이 없습니다
15:14:30 **** Incremental Build of configuration Debug for project helloworld ****
make pre-build main-build 
a9-linaro-pre-build-step
' '
make: `main-build'를 위해 할 일이 없습니다
15:15:18 **** Auto Build of configuration Debug for project helloworld ****
make pre-build main-build 
a9-linaro-pre-build-step
' '
'Building file: ../src/helloworld.c'
'Invoking: ARM v7 gcc compiler'
arm-none-eabi-gcc -Wall -O0 -g3 -c -fmessage-length=0 -MT"src/helloworld.o" -mcpu=cortex-a9 -mfpu=vfpv3 -mfloat-abi=hard -I../../helloworld_bsp/ps7_cortexa9_0/include -MMD -MP -MF"src/helloworld.d" -MT"src/helloworld.o" -o "src/helloworld.o" "../src/helloworld.c"
../src/helloworld.c: In function 'main':
../src/helloworld.c:30:0: note: -Wmisleading-indentation is disabled from this point onwards, since column-tracking was disabled due to the size of the code/headers
../src/helloworld.c:29:8: error: expected declaration or statement at end of input
        return XST_FAILURE;
        ^~~~~~
../src/helloworld.c:14:21: warning: unused variable 'OldReadstatus' [-Wunused-variable]
 int Readstatus = 0, OldReadstatus = 0;
                     ^~~~~~~~~~~~~
../src/helloworld.c:14:5: warning: unused variable 'Readstatus' [-Wunused-variable]
 int Readstatus = 0, OldReadstatus = 0;
     ^~~~~~~~~~
../src/helloworld.c:13:26: warning: unused variable 'BtnPinNumber' [-Wunused-variable]
 int BtnPinDirection = 0, BtnPinNumber = 50;
                          ^~~~~~~~~~~~
../src/helloworld.c:13:5: warning: unused variable 'BtnPinDirection' [-Wunused-variable]
 int BtnPinDirection = 0, BtnPinNumber = 50;
     ^~~~~~~~~~~~~~~
../src/helloworld.c:11:4: warning: unused variable 'count' [-Wunused-variable]
 u8 count = 0;
    ^~~~~
../src/helloworld.c:9:16: warning: unused variable 'psGpioInstance_ptr' [-Wunused-variable]
 static XGpioPs psGpioInstance_ptr;
                ^~~~~~~~~~~~~~~~~~
At top level:
../src/helloworld.c:9:16: warning: 'psGpioInstance_ptr' defined but not used [-Wunused-variable]
make: *** [src/helloworld.o] 오류 1
15:15:24 **** Auto Build of configuration Debug for project helloworld ****
make pre-build main-build 
a9-linaro-pre-build-step
' '
'Building file: ../src/helloworld.c'
'Invoking: ARM v7 gcc compiler'
arm-none-eabi-gcc -Wall -O0 -g3 -c -fmessage-length=0 -MT"src/helloworld.o" -mcpu=cortex-a9 -mfpu=vfpv3 -mfloat-abi=hard -I../../helloworld_bsp/ps7_cortexa9_0/include -MMD -MP -MF"src/helloworld.d" -MT"src/helloworld.o" -o "src/helloworld.o" "../src/helloworld.c"
'Finished building: ../src/helloworld.c'
' '
'Building target: helloworld.elf'
'Invoking: ARM v7 gcc linker'
arm-none-eabi-gcc -mcpu=cortex-a9 -mfpu=vfpv3 -mfloat-abi=hard -Wl,-build-id=none -specs=Xilinx.spec -Wl,-T -Wl,../src/lscript.ld -L../../helloworld_bsp/ps7_cortexa9_0/lib -o "helloworld.elf"  ./src/helloworld.o ./src/platform.o   -Wl,--start-group,-lxil,-lgcc,-lc,--end-group
'Finished building target: helloworld.elf'
' '
'Invoking: ARM v7 Print Size'
arm-none-eabi-size helloworld.elf  |tee "helloworld.elf.size"
   text	   data	    bss	    dec	    hex	filename
  28336	   1184	  22632	  52152	   cbb8	helloworld.elf
'Finished building: helloworld.elf.size'
' '
15:15:45 **** Incremental Build of configuration Debug for project helloworld ****
make pre-build main-build 
a9-linaro-pre-build-step
' '
make: `main-build'를 위해 할 일이 없습니다
15:16:17 **** Auto Build of configuration Debug for project helloworld ****
make pre-build main-build 
a9-linaro-pre-build-step
' '
'Building file: ../src/helloworld.c'
'Invoking: ARM v7 gcc compiler'
arm-none-eabi-gcc -Wall -O0 -g3 -c -fmessage-length=0 -MT"src/helloworld.o" -mcpu=cortex-a9 -mfpu=vfpv3 -mfloat-abi=hard -I../../helloworld_bsp/ps7_cortexa9_0/include -MMD -MP -MF"src/helloworld.d" -MT"src/helloworld.o" -o "src/helloworld.o" "../src/helloworld.c"
'Finished building: ../src/helloworld.c'
' '
'Building target: helloworld.elf'
'Invoking: ARM v7 gcc linker'
arm-none-eabi-gcc -mcpu=cortex-a9 -mfpu=vfpv3 -mfloat-abi=hard -Wl,-build-id=none -specs=Xilinx.spec -Wl,-T -Wl,../src/lscript.ld -L../../helloworld_bsp/ps7_cortexa9_0/lib -o "helloworld.elf"  ./src/helloworld.o ./src/platform.o   -Wl,--start-group,-lxil,-lgcc,-lc,--end-group
'Finished building target: helloworld.elf'
' '
'Invoking: ARM v7 Print Size'
arm-none-eabi-size helloworld.elf  |tee "helloworld.elf.size"
   text	   data	    bss	    dec	    hex	filename
  19352	   1144	  22568	  43064	   a838	helloworld.elf
'Finished building: helloworld.elf.size'
' '
15:16:45 **** Incremental Build of configuration Debug for project helloworld ****
make pre-build main-build 
a9-linaro-pre-build-step
' '
make: `main-build'를 위해 할 일이 없습니다
15:17:09 **** Auto Build of configuration Debug for project helloworld ****
make pre-build main-build 
a9-linaro-pre-build-step
' '
'Building file: ../src/helloworld.c'
'Invoking: ARM v7 gcc compiler'
arm-none-eabi-gcc -Wall -O0 -g3 -c -fmessage-length=0 -MT"src/helloworld.o" -mcpu=cortex-a9 -mfpu=vfpv3 -mfloat-abi=hard -I../../helloworld_bsp/ps7_cortexa9_0/include -MMD -MP -MF"src/helloworld.d" -MT"src/helloworld.o" -o "src/helloworld.o" "../src/helloworld.c"
../src/helloworld.c: In function 'main':
../src/helloworld.c:20:21: warning: unused variable 'OldReadstatus' [-Wunused-variable]
 int Readstatus = 0, OldReadstatus = 0;
                     ^~~~~~~~~~~~~
../src/helloworld.c:20:5: warning: unused variable 'Readstatus' [-Wunused-variable]
 int Readstatus = 0, OldReadstatus = 0;
     ^~~~~~~~~~
../src/helloworld.c:15:5: warning: unused variable 'button_data' [-Wunused-variable]
 int button_data = 0;
     ^~~~~~~~~~~
../src/helloworld.c:14:5: warning: unused variable 'switch_data' [-Wunused-variable]
 int switch_data = 0;
     ^~~~~~~~~~~
'Finished building: ../src/helloworld.c'
' '
'Building target: helloworld.elf'
'Invoking: ARM v7 gcc linker'
arm-none-eabi-gcc -mcpu=cortex-a9 -mfpu=vfpv3 -mfloat-abi=hard -Wl,-build-id=none -specs=Xilinx.spec -Wl,-T -Wl,../src/lscript.ld -L../../helloworld_bsp/ps7_cortexa9_0/lib -o "helloworld.elf"  ./src/helloworld.o ./src/platform.o   -Wl,--start-group,-lxil,-lgcc,-lc,--end-group
'Finished building target: helloworld.elf'
' '
'Invoking: ARM v7 Print Size'
arm-none-eabi-size helloworld.elf  |tee "helloworld.elf.size"
   text	   data	    bss	    dec	    hex	filename
  20764	   1176	  22616	  44556	   ae0c	helloworld.elf
'Finished building: helloworld.elf.size'
' '
15:17:54 **** Incremental Build of configuration Debug for project helloworld ****
make pre-build main-build 
a9-linaro-pre-build-step
' '
make: `main-build'를 위해 할 일이 없습니다
15:18:11 **** Incremental Build of configuration Debug for project helloworld ****
make pre-build main-build 
a9-linaro-pre-build-step
' '
make: `main-build'를 위해 할 일이 없습니다
15:19:24 **** Auto Build of configuration Debug for project helloworld ****
make pre-build main-build 
a9-linaro-pre-build-step
' '
'Building file: ../src/helloworld.c'
'Invoking: ARM v7 gcc compiler'
arm-none-eabi-gcc -Wall -O0 -g3 -c -fmessage-length=0 -MT"src/helloworld.o" -mcpu=cortex-a9 -mfpu=vfpv3 -mfloat-abi=hard -I../../helloworld_bsp/ps7_cortexa9_0/include -MMD -MP -MF"src/helloworld.d" -MT"src/helloworld.o" -o "src/helloworld.o" "../src/helloworld.c"
../src/helloworld.c: In function 'main':
../src/helloworld.c:20:21: warning: unused variable 'OldReadstatus' [-Wunused-variable]
 int Readstatus = 0, OldReadstatus = 0;
                     ^~~~~~~~~~~~~
../src/helloworld.c:20:5: warning: unused variable 'Readstatus' [-Wunused-variable]
 int Readstatus = 0, OldReadstatus = 0;
     ^~~~~~~~~~
../src/helloworld.c:15:5: warning: unused variable 'button_data' [-Wunused-variable]
 int button_data = 0;
     ^~~~~~~~~~~
../src/helloworld.c:14:5: warning: unused variable 'switch_data' [-Wunused-variable]
 int switch_data = 0;
     ^~~~~~~~~~~
'Finished building: ../src/helloworld.c'
' '
'Building target: helloworld.elf'
'Invoking: ARM v7 gcc linker'
arm-none-eabi-gcc -mcpu=cortex-a9 -mfpu=vfpv3 -mfloat-abi=hard -Wl,-build-id=none -specs=Xilinx.spec -Wl,-T -Wl,../src/lscript.ld -L../../helloworld_bsp/ps7_cortexa9_0/lib -o "helloworld.elf"  ./src/helloworld.o ./src/platform.o   -Wl,--start-group,-lxil,-lgcc,-lc,--end-group
'Finished building target: helloworld.elf'
' '
'Invoking: ARM v7 Print Size'
arm-none-eabi-size helloworld.elf  |tee "helloworld.elf.size"
   text	   data	    bss	    dec	    hex	filename
  20764	   1176	  22616	  44556	   ae0c	helloworld.elf
'Finished building: helloworld.elf.size'
' '
15:19:58 **** Auto Build of configuration Debug for project helloworld ****
make pre-build main-build 
a9-linaro-pre-build-step
' '
'Building file: ../src/helloworld.c'
'Invoking: ARM v7 gcc compiler'
arm-none-eabi-gcc -Wall -O0 -g3 -c -fmessage-length=0 -MT"src/helloworld.o" -mcpu=cortex-a9 -mfpu=vfpv3 -mfloat-abi=hard -I../../helloworld_bsp/ps7_cortexa9_0/include -MMD -MP -MF"src/helloworld.d" -MT"src/helloworld.o" -o "src/helloworld.o" "../src/helloworld.c"
../src/helloworld.c: In function 'main':
../src/helloworld.c:41:9: error: too many arguments to function 'print'
         print("%b %b\n", DIP_SW_data, BTN_data);
         ^~~~~
In file included from ../../helloworld_bsp/ps7_cortexa9_0/include/xil_io.h:65:0,
                 from ../../helloworld_bsp/ps7_cortexa9_0/include/xgpio_l.h:87,
                 from ../../helloworld_bsp/ps7_cortexa9_0/include/xgpio.h:136,
                 from ../src/helloworld.c:3:
../../helloworld_bsp/ps7_cortexa9_0/include/xil_printf.h:40:6: note: declared here
 void print( const char8 *ptr);
      ^~~~~
make: *** [src/helloworld.o] 오류 1
15:20:12 **** Auto Build of configuration Debug for project helloworld ****
make pre-build main-build 
a9-linaro-pre-build-step
' '
'Building file: ../src/helloworld.c'
'Invoking: ARM v7 gcc compiler'
arm-none-eabi-gcc -Wall -O0 -g3 -c -fmessage-length=0 -MT"src/helloworld.o" -mcpu=cortex-a9 -mfpu=vfpv3 -mfloat-abi=hard -I../../helloworld_bsp/ps7_cortexa9_0/include -MMD -MP -MF"src/helloworld.d" -MT"src/helloworld.o" -o "src/helloworld.o" "../src/helloworld.c"
../src/helloworld.c: In function 'main':
../src/helloworld.c:39:18: warning: unknown conversion type character 'b' in format [-Wformat=]
         printf("%b %b\n", DIP_SW_data, BTN_data);
                  ^
../src/helloworld.c:39:21: warning: unknown conversion type character 'b' in format [-Wformat=]
         printf("%b %b\n", DIP_SW_data, BTN_data);
                     ^
../src/helloworld.c:39:16: warning: too many arguments for format [-Wformat-extra-args]
         printf("%b %b\n", DIP_SW_data, BTN_data);
                ^~~~~~~~~
'Finished building: ../src/helloworld.c'
' '
'Building target: helloworld.elf'
'Invoking: ARM v7 gcc linker'
arm-none-eabi-gcc -mcpu=cortex-a9 -mfpu=vfpv3 -mfloat-abi=hard -Wl,-build-id=none -specs=Xilinx.spec -Wl,-T -Wl,../src/lscript.ld -L../../helloworld_bsp/ps7_cortexa9_0/lib -o "helloworld.elf"  ./src/helloworld.o ./src/platform.o   -Wl,--start-group,-lxil,-lgcc,-lc,--end-group
'Finished building target: helloworld.elf'
' '
'Invoking: ARM v7 Print Size'
arm-none-eabi-size helloworld.elf  |tee "helloworld.elf.size"
   text	   data	    bss	    dec	    hex	filename
  72008	   2612	  23376	  97996	  17ecc	helloworld.elf
'Finished building: helloworld.elf.size'
' '
15:20:23 **** Incremental Build of configuration Debug for project helloworld ****
make pre-build main-build 
a9-linaro-pre-build-step
' '
make: `main-build'를 위해 할 일이 없습니다
15:20:42 **** Auto Build of configuration Debug for project helloworld ****
make pre-build main-build 
a9-linaro-pre-build-step
' '
'Building file: ../src/helloworld.c'
'Invoking: ARM v7 gcc compiler'
arm-none-eabi-gcc -Wall -O0 -g3 -c -fmessage-length=0 -MT"src/helloworld.o" -mcpu=cortex-a9 -mfpu=vfpv3 -mfloat-abi=hard -I../../helloworld_bsp/ps7_cortexa9_0/include -MMD -MP -MF"src/helloworld.d" -MT"src/helloworld.o" -o "src/helloworld.o" "../src/helloworld.c"
../src/helloworld.c: In function 'main':
../src/helloworld.c:36:20: error: stray '\' in program
     printf("HW RUN"\n)
                    ^
../src/helloworld.c:36:21: error: expected ')' before 'n'
     printf("HW RUN"\n)
                     ^
../src/helloworld.c:37:5: error: expected ';' before 'while'
     while(1) {
     ^~~~~
../src/helloworld.c:13:18: warning: unused variable 'BTN_data' [-Wunused-variable]
     unsigned int BTN_data = 0b0000;
                  ^~~~~~~~
../src/helloworld.c:12:18: warning: unused variable 'DIP_SW_data' [-Wunused-variable]
     unsigned int DIP_SW_data = 0b0000;
                  ^~~~~~~~~~~
../src/helloworld.c:11:18: warning: unused variable 'Result' [-Wunused-variable]
     unsigned int Result = 0b0110;      // ALU 결과를 저장할 register
                  ^~~~~~
make: *** [src/helloworld.o] 오류 1
15:20:43 **** Auto Build of configuration Debug for project helloworld ****
make pre-build main-build 
a9-linaro-pre-build-step
' '
'Building file: ../src/helloworld.c'
'Invoking: ARM v7 gcc compiler'
arm-none-eabi-gcc -Wall -O0 -g3 -c -fmessage-length=0 -MT"src/helloworld.o" -mcpu=cortex-a9 -mfpu=vfpv3 -mfloat-abi=hard -I../../helloworld_bsp/ps7_cortexa9_0/include -MMD -MP -MF"src/helloworld.d" -MT"src/helloworld.o" -o "src/helloworld.o" "../src/helloworld.c"
../src/helloworld.c: In function 'main':
../src/helloworld.c:36:20: error: stray '\' in program
     printf("HW RUN"\n);
                    ^
../src/helloworld.c:36:21: error: expected ')' before 'n'
     printf("HW RUN"\n);
                     ^
../src/helloworld.c:40:18: warning: unknown conversion type character 'b' in format [-Wformat=]
         printf("%b %b\n", DIP_SW_data, BTN_data);
                  ^
../src/helloworld.c:40:21: warning: unknown conversion type character 'b' in format [-Wformat=]
         printf("%b %b\n", DIP_SW_data, BTN_data);
                     ^
../src/helloworld.c:40:16: warning: too many arguments for format [-Wformat-extra-args]
         printf("%b %b\n", DIP_SW_data, BTN_data);
                ^~~~~~~~~
make: *** [src/helloworld.o] 오류 1
15:21:01 **** Auto Build of configuration Debug for project helloworld ****
make pre-build main-build 
a9-linaro-pre-build-step
' '
'Building file: ../src/helloworld.c'
'Invoking: ARM v7 gcc compiler'
arm-none-eabi-gcc -Wall -O0 -g3 -c -fmessage-length=0 -MT"src/helloworld.o" -mcpu=cortex-a9 -mfpu=vfpv3 -mfloat-abi=hard -I../../helloworld_bsp/ps7_cortexa9_0/include -MMD -MP -MF"src/helloworld.d" -MT"src/helloworld.o" -o "src/helloworld.o" "../src/helloworld.c"
../src/helloworld.c: In function 'main':
../src/helloworld.c:36:20: error: stray '\' in program
     printf("HW RUN"\n);
                    ^
../src/helloworld.c:36:21: error: expected ')' before 'n'
     printf("HW RUN"\n);
                     ^
../src/helloworld.c:40:26: error: expected ')' before 'DIP_SW_data'
         printf("%b %b\n" DIP_SW_data, BTN_data);
                          ^~~~~~~~~~~
../src/helloworld.c:40:18: warning: unknown conversion type character 'b' in format [-Wformat=]
         printf("%b %b\n" DIP_SW_data, BTN_data);
                  ^
../src/helloworld.c:40:21: warning: unknown conversion type character 'b' in format [-Wformat=]
         printf("%b %b\n" DIP_SW_data, BTN_data);
                     ^
../src/helloworld.c:13:18: warning: variable 'BTN_data' set but not used [-Wunused-but-set-variable]
     unsigned int BTN_data = 0b0000;
                  ^~~~~~~~
../src/helloworld.c:12:18: warning: variable 'DIP_SW_data' set but not used [-Wunused-but-set-variable]
     unsigned int DIP_SW_data = 0b0000;
                  ^~~~~~~~~~~
make: *** [src/helloworld.o] 오류 1
15:21:04 **** Auto Build of configuration Debug for project helloworld ****
make pre-build main-build 
a9-linaro-pre-build-step
' '
'Building file: ../src/helloworld.c'
'Invoking: ARM v7 gcc compiler'
arm-none-eabi-gcc -Wall -O0 -g3 -c -fmessage-length=0 -MT"src/helloworld.o" -mcpu=cortex-a9 -mfpu=vfpv3 -mfloat-abi=hard -I../../helloworld_bsp/ps7_cortexa9_0/include -MMD -MP -MF"src/helloworld.d" -MT"src/helloworld.o" -o "src/helloworld.o" "../src/helloworld.c"
../src/helloworld.c: In function 'main':
../src/helloworld.c:36:20: error: stray '\' in program
     printf("HW RUN"\n);
                    ^
../src/helloworld.c:36:21: error: expected ')' before 'n'
     printf("HW RUN"\n);
                     ^
../src/helloworld.c:40:18: warning: unknown conversion type character 'b' in format [-Wformat=]
         printf("%b %b\n", DIP_SW_data, BTN_data);
                  ^
../src/helloworld.c:40:21: warning: unknown conversion type character 'b' in format [-Wformat=]
         printf("%b %b\n", DIP_SW_data, BTN_data);
                     ^
../src/helloworld.c:40:16: warning: too many arguments for format [-Wformat-extra-args]
         printf("%b %b\n", DIP_SW_data, BTN_data);
                ^~~~~~~~~
make: *** [src/helloworld.o] 오류 1
15:21:08 **** Auto Build of configuration Debug for project helloworld ****
make pre-build main-build 
a9-linaro-pre-build-step
' '
'Building file: ../src/helloworld.c'
'Invoking: ARM v7 gcc compiler'
arm-none-eabi-gcc -Wall -O0 -g3 -c -fmessage-length=0 -MT"src/helloworld.o" -mcpu=cortex-a9 -mfpu=vfpv3 -mfloat-abi=hard -I../../helloworld_bsp/ps7_cortexa9_0/include -MMD -MP -MF"src/helloworld.d" -MT"src/helloworld.o" -o "src/helloworld.o" "../src/helloworld.c"
../src/helloworld.c: In function 'main':
../src/helloworld.c:36:20: error: stray '\' in program
     printf("HW RUN"\n);
                    ^
../src/helloworld.c:36:21: error: expected ')' before 'n'
     printf("HW RUN"\n);
                     ^
../src/helloworld.c:40:18: warning: unknown conversion type character 'b' in format [-Wformat=]
         printf("%b", DIP_SW_data, BTN_data);
                  ^
../src/helloworld.c:40:16: warning: too many arguments for format [-Wformat-extra-args]
         printf("%b", DIP_SW_data, BTN_data);
                ^~~~
make: *** [src/helloworld.o] 오류 1
15:21:11 **** Auto Build of configuration Debug for project helloworld ****
make pre-build main-build 
a9-linaro-pre-build-step
' '
'Building file: ../src/helloworld.c'
'Invoking: ARM v7 gcc compiler'
arm-none-eabi-gcc -Wall -O0 -g3 -c -fmessage-length=0 -MT"src/helloworld.o" -mcpu=cortex-a9 -mfpu=vfpv3 -mfloat-abi=hard -I../../helloworld_bsp/ps7_cortexa9_0/include -MMD -MP -MF"src/helloworld.d" -MT"src/helloworld.o" -o "src/helloworld.o" "../src/helloworld.c"
../src/helloworld.c: In function 'main':
../src/helloworld.c:36:20: error: stray '\' in program
     printf("HW RUN"\n);
                    ^
../src/helloworld.c:36:21: error: expected ')' before 'n'
     printf("HW RUN"\n);
                     ^
../src/helloworld.c:40:18: warning: unknown conversion type character 'b' in format [-Wformat=]
         printf("%b ", DIP_SW_data, BTN_data);
                  ^
../src/helloworld.c:40:16: warning: too many arguments for format [-Wformat-extra-args]
         printf("%b ", DIP_SW_data, BTN_data);
                ^~~~~
make: *** [src/helloworld.o] 오류 1
15:21:22 **** Auto Build of configuration Debug for project helloworld ****
make pre-build main-build 
a9-linaro-pre-build-step
' '
'Building file: ../src/helloworld.c'
'Invoking: ARM v7 gcc compiler'
arm-none-eabi-gcc -Wall -O0 -g3 -c -fmessage-length=0 -MT"src/helloworld.o" -mcpu=cortex-a9 -mfpu=vfpv3 -mfloat-abi=hard -I../../helloworld_bsp/ps7_cortexa9_0/include -MMD -MP -MF"src/helloworld.d" -MT"src/helloworld.o" -o "src/helloworld.o" "../src/helloworld.c"
../src/helloworld.c: In function 'main':
../src/helloworld.c:36:20: error: stray '\' in program
     printf("HW RUN"\n);
                    ^
../src/helloworld.c:36:21: error: expected ')' before 'n'
     printf("HW RUN"\n);
                     ^
../src/helloworld.c:40:18: warning: unknown conversion type character 'b' in format [-Wformat=]
         printf("%b ", DIP_SW_data, BTN_data);
                  ^
../src/helloworld.c:40:16: warning: too many arguments for format [-Wformat-extra-args]
         printf("%b ", DIP_SW_data, BTN_data);
                ^~~~~
../src/helloworld.c:41:18: warning: unknown conversion type character 'b' in format [-Wformat=]
         printf("%b \n",BTN_data);
                  ^
../src/helloworld.c:41:16: warning: too many arguments for format [-Wformat-extra-args]
         printf("%b \n",BTN_data);
                ^~~~~~~
make: *** [src/helloworld.o] 오류 1
15:21:25 **** Auto Build of configuration Debug for project helloworld ****
make pre-build main-build 
a9-linaro-pre-build-step
' '
'Building file: ../src/helloworld.c'
'Invoking: ARM v7 gcc compiler'
arm-none-eabi-gcc -Wall -O0 -g3 -c -fmessage-length=0 -MT"src/helloworld.o" -mcpu=cortex-a9 -mfpu=vfpv3 -mfloat-abi=hard -I../../helloworld_bsp/ps7_cortexa9_0/include -MMD -MP -MF"src/helloworld.d" -MT"src/helloworld.o" -o "src/helloworld.o" "../src/helloworld.c"
../src/helloworld.c: In function 'main':
../src/helloworld.c:39:18: warning: unknown conversion type character 'b' in format [-Wformat=]
         printf("%b ", DIP_SW_data, BTN_data);
                  ^
../src/helloworld.c:39:16: warning: too many arguments for format [-Wformat-extra-args]
         printf("%b ", DIP_SW_data, BTN_data);
                ^~~~~
../src/helloworld.c:40:18: warning: unknown conversion type character 'b' in format [-Wformat=]
         printf("%b \n",BTN_data);
                  ^
../src/helloworld.c:40:16: warning: too many arguments for format [-Wformat-extra-args]
         printf("%b \n",BTN_data);
                ^~~~~~~
'Finished building: ../src/helloworld.c'
' '
'Building target: helloworld.elf'
'Invoking: ARM v7 gcc linker'
arm-none-eabi-gcc -mcpu=cortex-a9 -mfpu=vfpv3 -mfloat-abi=hard -Wl,-build-id=none -specs=Xilinx.spec -Wl,-T -Wl,../src/lscript.ld -L../../helloworld_bsp/ps7_cortexa9_0/lib -o "helloworld.elf"  ./src/helloworld.o ./src/platform.o   -Wl,--start-group,-lxil,-lgcc,-lc,--end-group
'Finished building target: helloworld.elf'
' '
'Invoking: ARM v7 Print Size'
arm-none-eabi-size helloworld.elf  |tee "helloworld.elf.size"
   text	   data	    bss	    dec	    hex	filename
  72072	   2612	  23376	  98060	  17f0c	helloworld.elf
'Finished building: helloworld.elf.size'
' '
15:21:31 **** Auto Build of configuration Debug for project helloworld ****
make pre-build main-build 
a9-linaro-pre-build-step
' '
'Building file: ../src/helloworld.c'
'Invoking: ARM v7 gcc compiler'
arm-none-eabi-gcc -Wall -O0 -g3 -c -fmessage-length=0 -MT"src/helloworld.o" -mcpu=cortex-a9 -mfpu=vfpv3 -mfloat-abi=hard -I../../helloworld_bsp/ps7_cortexa9_0/include -MMD -MP -MF"src/helloworld.d" -MT"src/helloworld.o" -o "src/helloworld.o" "../src/helloworld.c"
../src/helloworld.c: In function 'main':
../src/helloworld.c:39:18: warning: unknown conversion type character 'b' in format [-Wformat=]
         printf("%b ", DIP_SW_data);
                  ^
../src/helloworld.c:39:16: warning: too many arguments for format [-Wformat-extra-args]
         printf("%b ", DIP_SW_data);
                ^~~~~
../src/helloworld.c:40:18: warning: unknown conversion type character 'b' in format [-Wformat=]
         printf("%b \n",BTN_data);
                  ^
../src/helloworld.c:40:16: warning: too many arguments for format [-Wformat-extra-args]
         printf("%b \n",BTN_data);
                ^~~~~~~
'Finished building: ../src/helloworld.c'
' '
'Building target: helloworld.elf'
'Invoking: ARM v7 gcc linker'
arm-none-eabi-gcc -mcpu=cortex-a9 -mfpu=vfpv3 -mfloat-abi=hard -Wl,-build-id=none -specs=Xilinx.spec -Wl,-T -Wl,../src/lscript.ld -L../../helloworld_bsp/ps7_cortexa9_0/lib -o "helloworld.elf"  ./src/helloworld.o ./src/platform.o   -Wl,--start-group,-lxil,-lgcc,-lc,--end-group
'Finished building target: helloworld.elf'
' '
'Invoking: ARM v7 Print Size'
arm-none-eabi-size helloworld.elf  |tee "helloworld.elf.size"
   text	   data	    bss	    dec	    hex	filename
  72072	   2612	  23376	  98060	  17f0c	helloworld.elf
'Finished building: helloworld.elf.size'
' '
15:21:38 **** Auto Build of configuration Debug for project helloworld ****
make pre-build main-build 
a9-linaro-pre-build-step
' '
'Building file: ../src/helloworld.c'
'Invoking: ARM v7 gcc compiler'
arm-none-eabi-gcc -Wall -O0 -g3 -c -fmessage-length=0 -MT"src/helloworld.o" -mcpu=cortex-a9 -mfpu=vfpv3 -mfloat-abi=hard -I../../helloworld_bsp/ps7_cortexa9_0/include -MMD -MP -MF"src/helloworld.d" -MT"src/helloworld.o" -o "src/helloworld.o" "../src/helloworld.c"
../src/helloworld.c: In function 'main':
../src/helloworld.c:36:20: error: stray '\' in program
     printf("HW RUN"\n);
                    ^
../src/helloworld.c:36:21: error: expected ')' before 'n'
     printf("HW RUN"\n);
                     ^
../src/helloworld.c:40:18: warning: unknown conversion type character 'b' in format [-Wformat=]
         printf("%b %b\n", DIP_SW_data, BTN_data);
                  ^
../src/helloworld.c:40:21: warning: unknown conversion type character 'b' in format [-Wformat=]
         printf("%b %b\n", DIP_SW_data, BTN_data);
                     ^
../src/helloworld.c:40:16: warning: too many arguments for format [-Wformat-extra-args]
         printf("%b %b\n", DIP_SW_data, BTN_data);
                ^~~~~~~~~
make: *** [src/helloworld.o] 오류 1
15:21:48 **** Auto Build of configuration Debug for project helloworld ****
make pre-build main-build 
a9-linaro-pre-build-step
' '
'Building file: ../src/helloworld.c'
'Invoking: ARM v7 gcc compiler'
arm-none-eabi-gcc -Wall -O0 -g3 -c -fmessage-length=0 -MT"src/helloworld.o" -mcpu=cortex-a9 -mfpu=vfpv3 -mfloat-abi=hard -I../../helloworld_bsp/ps7_cortexa9_0/include -MMD -MP -MF"src/helloworld.d" -MT"src/helloworld.o" -o "src/helloworld.o" "../src/helloworld.c"
../src/helloworld.c: In function 'main':
../src/helloworld.c:39:18: warning: unknown conversion type character 'b' in format [-Wformat=]
         printf("%b %b\n", DIP_SW_data, BTN_data);
                  ^
../src/helloworld.c:39:21: warning: unknown conversion type character 'b' in format [-Wformat=]
         printf("%b %b\n", DIP_SW_data, BTN_data);
                     ^
../src/helloworld.c:39:16: warning: too many arguments for format [-Wformat-extra-args]
         printf("%b %b\n", DIP_SW_data, BTN_data);
                ^~~~~~~~~
'Finished building: ../src/helloworld.c'
' '
'Building target: helloworld.elf'
'Invoking: ARM v7 gcc linker'
arm-none-eabi-gcc -mcpu=cortex-a9 -mfpu=vfpv3 -mfloat-abi=hard -Wl,-build-id=none -specs=Xilinx.spec -Wl,-T -Wl,../src/lscript.ld -L../../helloworld_bsp/ps7_cortexa9_0/lib -o "helloworld.elf"  ./src/helloworld.o ./src/platform.o   -Wl,--start-group,-lxil,-lgcc,-lc,--end-group
'Finished building target: helloworld.elf'
' '
'Invoking: ARM v7 Print Size'
arm-none-eabi-size helloworld.elf  |tee "helloworld.elf.size"
   text	   data	    bss	    dec	    hex	filename
  72008	   2612	  23376	  97996	  17ecc	helloworld.elf
'Finished building: helloworld.elf.size'
' '
15:22:13 **** Incremental Build of configuration Debug for project helloworld ****
make pre-build main-build 
a9-linaro-pre-build-step
' '
make: `main-build'를 위해 할 일이 없습니다
15:23:00 **** Auto Build of configuration Debug for project helloworld ****
make pre-build main-build 
a9-linaro-pre-build-step
' '
'Building file: ../src/helloworld.c'
'Invoking: ARM v7 gcc compiler'
arm-none-eabi-gcc -Wall -O0 -g3 -c -fmessage-length=0 -MT"src/helloworld.o" -mcpu=cortex-a9 -mfpu=vfpv3 -mfloat-abi=hard -I../../helloworld_bsp/ps7_cortexa9_0/include -MMD -MP -MF"src/helloworld.d" -MT"src/helloworld.o" -o "src/helloworld.o" "../src/helloworld.c"
../src/helloworld.c: In function 'main':
../src/helloworld.c:39:18: warning: unknown conversion type character 'b' in format [-Wformat=]
         printf("%b %b\n", DIP_SW_data, BTN_data);
                  ^
../src/helloworld.c:39:21: warning: unknown conversion type character 'b' in format [-Wformat=]
         printf("%b %b\n", DIP_SW_data, BTN_data);
                     ^
../src/helloworld.c:39:16: warning: too many arguments for format [-Wformat-extra-args]
         printf("%b %b\n", DIP_SW_data, BTN_data);
                ^~~~~~~~~
'Finished building: ../src/helloworld.c'
' '
'Building target: helloworld.elf'
'Invoking: ARM v7 gcc linker'
arm-none-eabi-gcc -mcpu=cortex-a9 -mfpu=vfpv3 -mfloat-abi=hard -Wl,-build-id=none -specs=Xilinx.spec -Wl,-T -Wl,../src/lscript.ld -L../../helloworld_bsp/ps7_cortexa9_0/lib -o "helloworld.elf"  ./src/helloworld.o ./src/platform.o   -Wl,--start-group,-lxil,-lgcc,-lc,--end-group
'Finished building target: helloworld.elf'
' '
'Invoking: ARM v7 Print Size'
arm-none-eabi-size helloworld.elf  |tee "helloworld.elf.size"
   text	   data	    bss	    dec	    hex	filename
  72008	   2612	  23376	  97996	  17ecc	helloworld.elf
'Finished building: helloworld.elf.size'
' '
15:23:02 **** Auto Build of configuration Debug for project helloworld ****
make pre-build main-build 
a9-linaro-pre-build-step
' '
'Building file: ../src/helloworld.c'
'Invoking: ARM v7 gcc compiler'
arm-none-eabi-gcc -Wall -O0 -g3 -c -fmessage-length=0 -MT"src/helloworld.o" -mcpu=cortex-a9 -mfpu=vfpv3 -mfloat-abi=hard -I../../helloworld_bsp/ps7_cortexa9_0/include -MMD -MP -MF"src/helloworld.d" -MT"src/helloworld.o" -o "src/helloworld.o" "../src/helloworld.c"
../src/helloworld.c: In function 'main':
../src/helloworld.c:39:18: warning: unknown conversion type character 'b' in format [-Wformat=]
         printf("%b %b\n", DIP_SW_data, BTN_data);
                  ^
../src/helloworld.c:39:21: warning: unknown conversion type character 'b' in format [-Wformat=]
         printf("%b %b\n", DIP_SW_data, BTN_data);
                     ^
../src/helloworld.c:39:16: warning: too many arguments for format [-Wformat-extra-args]
         printf("%b %b\n", DIP_SW_data, BTN_data);
                ^~~~~~~~~
'Finished building: ../src/helloworld.c'
' '
'Building target: helloworld.elf'
'Invoking: ARM v7 gcc linker'
arm-none-eabi-gcc -mcpu=cortex-a9 -mfpu=vfpv3 -mfloat-abi=hard -Wl,-build-id=none -specs=Xilinx.spec -Wl,-T -Wl,../src/lscript.ld -L../../helloworld_bsp/ps7_cortexa9_0/lib -o "helloworld.elf"  ./src/helloworld.o ./src/platform.o   -Wl,--start-group,-lxil,-lgcc,-lc,--end-group
'Finished building target: helloworld.elf'
' '
'Invoking: ARM v7 Print Size'
arm-none-eabi-size helloworld.elf  |tee "helloworld.elf.size"
   text	   data	    bss	    dec	    hex	filename
  72008	   2612	  23376	  97996	  17ecc	helloworld.elf
'Finished building: helloworld.elf.size'
' '
15:23:05 **** Auto Build of configuration Debug for project helloworld ****
make pre-build main-build 
a9-linaro-pre-build-step
' '
'Building file: ../src/helloworld.c'
'Invoking: ARM v7 gcc compiler'
arm-none-eabi-gcc -Wall -O0 -g3 -c -fmessage-length=0 -MT"src/helloworld.o" -mcpu=cortex-a9 -mfpu=vfpv3 -mfloat-abi=hard -I../../helloworld_bsp/ps7_cortexa9_0/include -MMD -MP -MF"src/helloworld.d" -MT"src/helloworld.o" -o "src/helloworld.o" "../src/helloworld.c"
../src/helloworld.c: In function 'main':
../src/helloworld.c:39:18: warning: unknown conversion type character 'b' in format [-Wformat=]
         printf("%b \n", DIP_SW_data, BTN_data);
                  ^
../src/helloworld.c:39:16: warning: too many arguments for format [-Wformat-extra-args]
         printf("%b \n", DIP_SW_data, BTN_data);
                ^~~~~~~
'Finished building: ../src/helloworld.c'
' '
'Building target: helloworld.elf'
'Invoking: ARM v7 gcc linker'
arm-none-eabi-gcc -mcpu=cortex-a9 -mfpu=vfpv3 -mfloat-abi=hard -Wl,-build-id=none -specs=Xilinx.spec -Wl,-T -Wl,../src/lscript.ld -L../../helloworld_bsp/ps7_cortexa9_0/lib -o "helloworld.elf"  ./src/helloworld.o ./src/platform.o   -Wl,--start-group,-lxil,-lgcc,-lc,--end-group
'Finished building target: helloworld.elf'
' '
'Invoking: ARM v7 Print Size'
arm-none-eabi-size helloworld.elf  |tee "helloworld.elf.size"
   text	   data	    bss	    dec	    hex	filename
  72008	   2612	  23376	  97996	  17ecc	helloworld.elf
'Finished building: helloworld.elf.size'
' '
15:23:11 **** Auto Build of configuration Debug for project helloworld ****
make pre-build main-build 
a9-linaro-pre-build-step
' '
'Building file: ../src/helloworld.c'
'Invoking: ARM v7 gcc compiler'
arm-none-eabi-gcc -Wall -O0 -g3 -c -fmessage-length=0 -MT"src/helloworld.o" -mcpu=cortex-a9 -mfpu=vfpv3 -mfloat-abi=hard -I../../helloworld_bsp/ps7_cortexa9_0/include -MMD -MP -MF"src/helloworld.d" -MT"src/helloworld.o" -o "src/helloworld.o" "../src/helloworld.c"
../src/helloworld.c: In function 'main':
../src/helloworld.c:13:18: warning: unused variable 'BTN_data' [-Wunused-variable]
     unsigned int BTN_data = 0b0000;
                  ^~~~~~~~
'Finished building: ../src/helloworld.c'
' '
'Building target: helloworld.elf'
'Invoking: ARM v7 gcc linker'
arm-none-eabi-gcc -mcpu=cortex-a9 -mfpu=vfpv3 -mfloat-abi=hard -Wl,-build-id=none -specs=Xilinx.spec -Wl,-T -Wl,../src/lscript.ld -L../../helloworld_bsp/ps7_cortexa9_0/lib -o "helloworld.elf"  ./src/helloworld.o ./src/platform.o   -Wl,--start-group,-lxil,-lgcc,-lc,--end-group
'Finished building target: helloworld.elf'
' '
'Invoking: ARM v7 Print Size'
arm-none-eabi-size helloworld.elf  |tee "helloworld.elf.size"
   text	   data	    bss	    dec	    hex	filename
  72008	   2612	  23376	  97996	  17ecc	helloworld.elf
'Finished building: helloworld.elf.size'
' '
15:23:29 **** Auto Build of configuration Debug for project helloworld ****
make pre-build main-build 
a9-linaro-pre-build-step
' '
'Building file: ../src/helloworld.c'
'Invoking: ARM v7 gcc compiler'
arm-none-eabi-gcc -Wall -O0 -g3 -c -fmessage-length=0 -MT"src/helloworld.o" -mcpu=cortex-a9 -mfpu=vfpv3 -mfloat-abi=hard -I../../helloworld_bsp/ps7_cortexa9_0/include -MMD -MP -MF"src/helloworld.d" -MT"src/helloworld.o" -o "src/helloworld.o" "../src/helloworld.c"
../src/helloworld.c: In function 'main':
../src/helloworld.c:13:18: warning: unused variable 'BTN_data' [-Wunused-variable]
     unsigned int BTN_data = 0b0000;
                  ^~~~~~~~
'Finished building: ../src/helloworld.c'
' '
'Building target: helloworld.elf'
'Invoking: ARM v7 gcc linker'
arm-none-eabi-gcc -mcpu=cortex-a9 -mfpu=vfpv3 -mfloat-abi=hard -Wl,-build-id=none -specs=Xilinx.spec -Wl,-T -Wl,../src/lscript.ld -L../../helloworld_bsp/ps7_cortexa9_0/lib -o "helloworld.elf"  ./src/helloworld.o ./src/platform.o   -Wl,--start-group,-lxil,-lgcc,-lc,--end-group
'Finished building target: helloworld.elf'
' '
'Invoking: ARM v7 Print Size'
arm-none-eabi-size helloworld.elf  |tee "helloworld.elf.size"
   text	   data	    bss	    dec	    hex	filename
  71816	   2612	  23376	  97804	  17e0c	helloworld.elf
'Finished building: helloworld.elf.size'
' '
15:23:32 **** Incremental Build of configuration Debug for project helloworld ****
make pre-build main-build 
a9-linaro-pre-build-step
' '
make: `main-build'를 위해 할 일이 없습니다
15:23:50 **** Incremental Build of configuration Debug for project helloworld ****
make pre-build main-build 
a9-linaro-pre-build-step
' '
make: `main-build'를 위해 할 일이 없습니다
15:24:23 **** Auto Build of configuration Debug for project helloworld ****
make pre-build main-build 
a9-linaro-pre-build-step
' '
'Building file: ../src/helloworld.c'
'Invoking: ARM v7 gcc compiler'
arm-none-eabi-gcc -Wall -O0 -g3 -c -fmessage-length=0 -MT"src/helloworld.o" -mcpu=cortex-a9 -mfpu=vfpv3 -mfloat-abi=hard -I../../helloworld_bsp/ps7_cortexa9_0/include -MMD -MP -MF"src/helloworld.d" -MT"src/helloworld.o" -o "src/helloworld.o" "../src/helloworld.c"
../src/helloworld.c: In function 'main':
../src/helloworld.c:13:18: warning: unused variable 'BTN_data' [-Wunused-variable]
     unsigned int BTN_data = 0b0000;
                  ^~~~~~~~
'Finished building: ../src/helloworld.c'
' '
'Building target: helloworld.elf'
'Invoking: ARM v7 gcc linker'
arm-none-eabi-gcc -mcpu=cortex-a9 -mfpu=vfpv3 -mfloat-abi=hard -Wl,-build-id=none -specs=Xilinx.spec -Wl,-T -Wl,../src/lscript.ld -L../../helloworld_bsp/ps7_cortexa9_0/lib -o "helloworld.elf"  ./src/helloworld.o ./src/platform.o   -Wl,--start-group,-lxil,-lgcc,-lc,--end-group
'Finished building target: helloworld.elf'
' '
'Invoking: ARM v7 Print Size'
arm-none-eabi-size helloworld.elf  |tee "helloworld.elf.size"
   text	   data	    bss	    dec	    hex	filename
  72008	   2612	  23376	  97996	  17ecc	helloworld.elf
'Finished building: helloworld.elf.size'
' '
15:24:27 **** Auto Build of configuration Debug for project helloworld ****
make pre-build main-build 
a9-linaro-pre-build-step
' '
'Building file: ../src/helloworld.c'
'Invoking: ARM v7 gcc compiler'
arm-none-eabi-gcc -Wall -O0 -g3 -c -fmessage-length=0 -MT"src/helloworld.o" -mcpu=cortex-a9 -mfpu=vfpv3 -mfloat-abi=hard -I../../helloworld_bsp/ps7_cortexa9_0/include -MMD -MP -MF"src/helloworld.d" -MT"src/helloworld.o" -o "src/helloworld.o" "../src/helloworld.c"
../src/helloworld.c: In function 'main':
../src/helloworld.c:13:18: warning: unused variable 'BTN_data' [-Wunused-variable]
     unsigned int BTN_data = 0b0000;
                  ^~~~~~~~
'Finished building: ../src/helloworld.c'
' '
'Building target: helloworld.elf'
'Invoking: ARM v7 gcc linker'
arm-none-eabi-gcc -mcpu=cortex-a9 -mfpu=vfpv3 -mfloat-abi=hard -Wl,-build-id=none -specs=Xilinx.spec -Wl,-T -Wl,../src/lscript.ld -L../../helloworld_bsp/ps7_cortexa9_0/lib -o "helloworld.elf"  ./src/helloworld.o ./src/platform.o   -Wl,--start-group,-lxil,-lgcc,-lc,--end-group
'Finished building target: helloworld.elf'
' '
'Invoking: ARM v7 Print Size'
arm-none-eabi-size helloworld.elf  |tee "helloworld.elf.size"
   text	   data	    bss	    dec	    hex	filename
  72000	   2612	  23376	  97988	  17ec4	helloworld.elf
'Finished building: helloworld.elf.size'
' '
15:24:36 **** Auto Build of configuration Debug for project helloworld ****
make pre-build main-build 
a9-linaro-pre-build-step
' '
'Building file: ../src/helloworld.c'
'Invoking: ARM v7 gcc compiler'
arm-none-eabi-gcc -Wall -O0 -g3 -c -fmessage-length=0 -MT"src/helloworld.o" -mcpu=cortex-a9 -mfpu=vfpv3 -mfloat-abi=hard -I../../helloworld_bsp/ps7_cortexa9_0/include -MMD -MP -MF"src/helloworld.d" -MT"src/helloworld.o" -o "src/helloworld.o" "../src/helloworld.c"
../src/helloworld.c: In function 'main':
../src/helloworld.c:13:18: warning: unused variable 'BTN_data' [-Wunused-variable]
     unsigned int BTN_data = 0b0000;
                  ^~~~~~~~
'Finished building: ../src/helloworld.c'
' '
'Building target: helloworld.elf'
'Invoking: ARM v7 gcc linker'
arm-none-eabi-gcc -mcpu=cortex-a9 -mfpu=vfpv3 -mfloat-abi=hard -Wl,-build-id=none -specs=Xilinx.spec -Wl,-T -Wl,../src/lscript.ld -L../../helloworld_bsp/ps7_cortexa9_0/lib -o "helloworld.elf"  ./src/helloworld.o ./src/platform.o   -Wl,--start-group,-lxil,-lgcc,-lc,--end-group
'Finished building target: helloworld.elf'
' '
'Invoking: ARM v7 Print Size'
arm-none-eabi-size helloworld.elf  |tee "helloworld.elf.size"
   text	   data	    bss	    dec	    hex	filename
  72000	   2612	  23376	  97988	  17ec4	helloworld.elf
'Finished building: helloworld.elf.size'
' '
15:24:47 **** Auto Build of configuration Debug for project helloworld ****
make pre-build main-build 
a9-linaro-pre-build-step
' '
'Building file: ../src/helloworld.c'
'Invoking: ARM v7 gcc compiler'
arm-none-eabi-gcc -Wall -O0 -g3 -c -fmessage-length=0 -MT"src/helloworld.o" -mcpu=cortex-a9 -mfpu=vfpv3 -mfloat-abi=hard -I../../helloworld_bsp/ps7_cortexa9_0/include -MMD -MP -MF"src/helloworld.d" -MT"src/helloworld.o" -o "src/helloworld.o" "../src/helloworld.c"
../src/helloworld.c: In function 'main':
../src/helloworld.c:13:18: warning: unused variable 'BTN_data' [-Wunused-variable]
     unsigned int BTN_data = 0b0000;
                  ^~~~~~~~
'Finished building: ../src/helloworld.c'
' '
'Building target: helloworld.elf'
'Invoking: ARM v7 gcc linker'
arm-none-eabi-gcc -mcpu=cortex-a9 -mfpu=vfpv3 -mfloat-abi=hard -Wl,-build-id=none -specs=Xilinx.spec -Wl,-T -Wl,../src/lscript.ld -L../../helloworld_bsp/ps7_cortexa9_0/lib -o "helloworld.elf"  ./src/helloworld.o ./src/platform.o   -Wl,--start-group,-lxil,-lgcc,-lc,--end-group
'Finished building target: helloworld.elf'
' '
'Invoking: ARM v7 Print Size'
arm-none-eabi-size helloworld.elf  |tee "helloworld.elf.size"
   text	   data	    bss	    dec	    hex	filename
  72000	   2612	  23376	  97988	  17ec4	helloworld.elf
'Finished building: helloworld.elf.size'
' '
15:24:52 **** Auto Build of configuration Debug for project helloworld ****
make pre-build main-build 
a9-linaro-pre-build-step
' '
'Building file: ../src/helloworld.c'
'Invoking: ARM v7 gcc compiler'
arm-none-eabi-gcc -Wall -O0 -g3 -c -fmessage-length=0 -MT"src/helloworld.o" -mcpu=cortex-a9 -mfpu=vfpv3 -mfloat-abi=hard -I../../helloworld_bsp/ps7_cortexa9_0/include -MMD -MP -MF"src/helloworld.d" -MT"src/helloworld.o" -o "src/helloworld.o" "../src/helloworld.c"
../src/helloworld.c: In function 'main':
../src/helloworld.c:13:18: warning: unused variable 'BTN_data' [-Wunused-variable]
     unsigned int BTN_data = 0;
                  ^~~~~~~~
'Finished building: ../src/helloworld.c'
' '
'Building target: helloworld.elf'
'Invoking: ARM v7 gcc linker'
arm-none-eabi-gcc -mcpu=cortex-a9 -mfpu=vfpv3 -mfloat-abi=hard -Wl,-build-id=none -specs=Xilinx.spec -Wl,-T -Wl,../src/lscript.ld -L../../helloworld_bsp/ps7_cortexa9_0/lib -o "helloworld.elf"  ./src/helloworld.o ./src/platform.o   -Wl,--start-group,-lxil,-lgcc,-lc,--end-group
'Finished building target: helloworld.elf'
' '
'Invoking: ARM v7 Print Size'
arm-none-eabi-size helloworld.elf  |tee "helloworld.elf.size"
   text	   data	    bss	    dec	    hex	filename
  72000	   2612	  23376	  97988	  17ec4	helloworld.elf
'Finished building: helloworld.elf.size'
' '
15:24:55 **** Incremental Build of configuration Debug for project helloworld ****
make pre-build main-build 
a9-linaro-pre-build-step
' '
make: `main-build'를 위해 할 일이 없습니다
15:25:21 **** Incremental Build of configuration Debug for project helloworld ****
make pre-build main-build 
a9-linaro-pre-build-step
' '
make: `main-build'를 위해 할 일이 없습니다
15:26:53 **** Auto Build of configuration Debug for project helloworld ****
make pre-build main-build 
a9-linaro-pre-build-step
' '
'Building file: ../src/helloworld.c'
'Invoking: ARM v7 gcc compiler'
arm-none-eabi-gcc -Wall -O0 -g3 -c -fmessage-length=0 -MT"src/helloworld.o" -mcpu=cortex-a9 -mfpu=vfpv3 -mfloat-abi=hard -I../../helloworld_bsp/ps7_cortexa9_0/include -MMD -MP -MF"src/helloworld.d" -MT"src/helloworld.o" -o "src/helloworld.o" "../src/helloworld.c"
../src/helloworld.c: In function 'main':
../src/helloworld.c:39:18: warning: unknown conversion type character 'b' in format [-Wformat=]
         printf("%b\n", DIP_SW_data);
                  ^
../src/helloworld.c:39:16: warning: too many arguments for format [-Wformat-extra-args]
         printf("%b\n", DIP_SW_data);
                ^~~~~~
../src/helloworld.c:13:18: warning: unused variable 'BTN_data' [-Wunused-variable]
     unsigned int BTN_data = 0;
                  ^~~~~~~~
'Finished building: ../src/helloworld.c'
' '
'Building target: helloworld.elf'
'Invoking: ARM v7 gcc linker'
arm-none-eabi-gcc -mcpu=cortex-a9 -mfpu=vfpv3 -mfloat-abi=hard -Wl,-build-id=none -specs=Xilinx.spec -Wl,-T -Wl,../src/lscript.ld -L../../helloworld_bsp/ps7_cortexa9_0/lib -o "helloworld.elf"  ./src/helloworld.o ./src/platform.o   -Wl,--start-group,-lxil,-lgcc,-lc,--end-group
'Finished building target: helloworld.elf'
' '
'Invoking: ARM v7 Print Size'
arm-none-eabi-size helloworld.elf  |tee "helloworld.elf.size"
   text	   data	    bss	    dec	    hex	filename
  72000	   2612	  23376	  97988	  17ec4	helloworld.elf
'Finished building: helloworld.elf.size'
' '
15:27:26 **** Incremental Build of configuration Debug for project helloworld ****
make pre-build main-build 
a9-linaro-pre-build-step
' '
make: `main-build'를 위해 할 일이 없습니다
15:29:02 **** Auto Build of configuration Debug for project helloworld ****
make pre-build main-build 
a9-linaro-pre-build-step
' '
'Building file: ../src/helloworld.c'
'Invoking: ARM v7 gcc compiler'
arm-none-eabi-gcc -Wall -O0 -g3 -c -fmessage-length=0 -MT"src/helloworld.o" -mcpu=cortex-a9 -mfpu=vfpv3 -mfloat-abi=hard -I../../helloworld_bsp/ps7_cortexa9_0/include -MMD -MP -MF"src/helloworld.d" -MT"src/helloworld.o" -o "src/helloworld.o" "../src/helloworld.c"
../src/helloworld.c: In function 'main':
../src/helloworld.c:13:18: warning: unused variable 'BTN_data' [-Wunused-variable]
     unsigned int BTN_data = 0;
                  ^~~~~~~~
'Finished building: ../src/helloworld.c'
' '
'Building target: helloworld.elf'
'Invoking: ARM v7 gcc linker'
arm-none-eabi-gcc -mcpu=cortex-a9 -mfpu=vfpv3 -mfloat-abi=hard -Wl,-build-id=none -specs=Xilinx.spec -Wl,-T -Wl,../src/lscript.ld -L../../helloworld_bsp/ps7_cortexa9_0/lib -o "helloworld.elf"  ./src/helloworld.o ./src/platform.o   -Wl,--start-group,-lxil,-lgcc,-lc,--end-group
'Finished building target: helloworld.elf'
' '
'Invoking: ARM v7 Print Size'
arm-none-eabi-size helloworld.elf  |tee "helloworld.elf.size"
   text	   data	    bss	    dec	    hex	filename
  72000	   2612	  23376	  97988	  17ec4	helloworld.elf
'Finished building: helloworld.elf.size'
' '
15:29:05 **** Auto Build of configuration Debug for project helloworld ****
make pre-build main-build 
a9-linaro-pre-build-step
' '
'Building file: ../src/helloworld.c'
'Invoking: ARM v7 gcc compiler'
arm-none-eabi-gcc -Wall -O0 -g3 -c -fmessage-length=0 -MT"src/helloworld.o" -mcpu=cortex-a9 -mfpu=vfpv3 -mfloat-abi=hard -I../../helloworld_bsp/ps7_cortexa9_0/include -MMD -MP -MF"src/helloworld.d" -MT"src/helloworld.o" -o "src/helloworld.o" "../src/helloworld.c"
../src/helloworld.c: In function 'main':
../src/helloworld.c:13:18: warning: unused variable 'BTN_data' [-Wunused-variable]
     unsigned int BTN_data = 0;
                  ^~~~~~~~
../src/helloworld.c:11:18: warning: unused variable 'Result' [-Wunused-variable]
     unsigned int Result = 0b0110;      // ALU 결과를 저장할 register
                  ^~~~~~
'Finished building: ../src/helloworld.c'
' '
'Building target: helloworld.elf'
'Invoking: ARM v7 gcc linker'
arm-none-eabi-gcc -mcpu=cortex-a9 -mfpu=vfpv3 -mfloat-abi=hard -Wl,-build-id=none -specs=Xilinx.spec -Wl,-T -Wl,../src/lscript.ld -L../../helloworld_bsp/ps7_cortexa9_0/lib -o "helloworld.elf"  ./src/helloworld.o ./src/platform.o   -Wl,--start-group,-lxil,-lgcc,-lc,--end-group
'Finished building target: helloworld.elf'
' '
'Invoking: ARM v7 Print Size'
arm-none-eabi-size helloworld.elf  |tee "helloworld.elf.size"
   text	   data	    bss	    dec	    hex	filename
  72000	   2612	  23376	  97988	  17ec4	helloworld.elf
'Finished building: helloworld.elf.size'
' '
15:29:07 **** Incremental Build of configuration Debug for project helloworld ****
make pre-build main-build 
a9-linaro-pre-build-step
' '
make: `main-build'를 위해 할 일이 없습니다
15:29:28 **** Incremental Build of configuration Debug for project helloworld ****
make pre-build main-build 
a9-linaro-pre-build-step
' '
make: `main-build'를 위해 할 일이 없습니다
15:29:46 **** Incremental Build of configuration Debug for project helloworld ****
make pre-build main-build 
a9-linaro-pre-build-step
' '
make: `main-build'를 위해 할 일이 없습니다
15:30:02 **** Incremental Build of configuration Debug for project helloworld ****
make pre-build main-build 
a9-linaro-pre-build-step
' '
make: `main-build'를 위해 할 일이 없습니다
15:30:17 **** Incremental Build of configuration Debug for project helloworld ****
make pre-build main-build 
a9-linaro-pre-build-step
' '
make: `main-build'를 위해 할 일이 없습니다
15:32:07 **** Auto Build of configuration Debug for project helloworld ****
make pre-build main-build 
a9-linaro-pre-build-step
' '
'Building file: ../src/helloworld.c'
'Invoking: ARM v7 gcc compiler'
arm-none-eabi-gcc -Wall -O0 -g3 -c -fmessage-length=0 -MT"src/helloworld.o" -mcpu=cortex-a9 -mfpu=vfpv3 -mfloat-abi=hard -I../../helloworld_bsp/ps7_cortexa9_0/include -MMD -MP -MF"src/helloworld.d" -MT"src/helloworld.o" -o "src/helloworld.o" "../src/helloworld.c"
../src/helloworld.c: In function 'main':
../src/helloworld.c:13:18: warning: unused variable 'BTN_data' [-Wunused-variable]
     unsigned int BTN_data = 0;
                  ^~~~~~~~
../src/helloworld.c:11:18: warning: unused variable 'Result' [-Wunused-variable]
     unsigned int Result = 0b0110;      // ALU 결과를 저장할 register
                  ^~~~~~
'Finished building: ../src/helloworld.c'
' '
'Building target: helloworld.elf'
'Invoking: ARM v7 gcc linker'
arm-none-eabi-gcc -mcpu=cortex-a9 -mfpu=vfpv3 -mfloat-abi=hard -Wl,-build-id=none -specs=Xilinx.spec -Wl,-T -Wl,../src/lscript.ld -L../../helloworld_bsp/ps7_cortexa9_0/lib -o "helloworld.elf"  ./src/helloworld.o ./src/platform.o   -Wl,--start-group,-lxil,-lgcc,-lc,--end-group
'Finished building target: helloworld.elf'
' '
'Invoking: ARM v7 Print Size'
arm-none-eabi-size helloworld.elf  |tee "helloworld.elf.size"
   text	   data	    bss	    dec	    hex	filename
  72000	   2612	  23376	  97988	  17ec4	helloworld.elf
'Finished building: helloworld.elf.size'
' '
15:32:10 **** Incremental Build of configuration Debug for project helloworld ****
make pre-build main-build 
a9-linaro-pre-build-step
' '
make: `main-build'를 위해 할 일이 없습니다
15:32:28 **** Incremental Build of configuration Debug for project helloworld ****
make pre-build main-build 
a9-linaro-pre-build-step
' '
make: `main-build'를 위해 할 일이 없습니다
15:32:56 **** Auto Build of configuration Debug for project helloworld ****
make pre-build main-build 
a9-linaro-pre-build-step
' '
'Building file: ../src/helloworld.c'
'Invoking: ARM v7 gcc compiler'
arm-none-eabi-gcc -Wall -O0 -g3 -c -fmessage-length=0 -MT"src/helloworld.o" -mcpu=cortex-a9 -mfpu=vfpv3 -mfloat-abi=hard -I../../helloworld_bsp/ps7_cortexa9_0/include -MMD -MP -MF"src/helloworld.d" -MT"src/helloworld.o" -o "src/helloworld.o" "../src/helloworld.c"
../src/helloworld.c: In function 'main':
../src/helloworld.c:13:18: warning: unused variable 'BTN_data' [-Wunused-variable]
     unsigned int BTN_data = 0;
                  ^~~~~~~~
'Finished building: ../src/helloworld.c'
' '
'Building target: helloworld.elf'
'Invoking: ARM v7 gcc linker'
arm-none-eabi-gcc -mcpu=cortex-a9 -mfpu=vfpv3 -mfloat-abi=hard -Wl,-build-id=none -specs=Xilinx.spec -Wl,-T -Wl,../src/lscript.ld -L../../helloworld_bsp/ps7_cortexa9_0/lib -o "helloworld.elf"  ./src/helloworld.o ./src/platform.o   -Wl,--start-group,-lxil,-lgcc,-lc,--end-group
'Finished building target: helloworld.elf'
' '
'Invoking: ARM v7 Print Size'
arm-none-eabi-size helloworld.elf  |tee "helloworld.elf.size"
   text	   data	    bss	    dec	    hex	filename
  72000	   2612	  23376	  97988	  17ec4	helloworld.elf
'Finished building: helloworld.elf.size'
' '
15:33:13 **** Auto Build of configuration Debug for project helloworld ****
make pre-build main-build 
a9-linaro-pre-build-step
' '
'Building file: ../src/helloworld.c'
'Invoking: ARM v7 gcc compiler'
arm-none-eabi-gcc -Wall -O0 -g3 -c -fmessage-length=0 -MT"src/helloworld.o" -mcpu=cortex-a9 -mfpu=vfpv3 -mfloat-abi=hard -I../../helloworld_bsp/ps7_cortexa9_0/include -MMD -MP -MF"src/helloworld.d" -MT"src/helloworld.o" -o "src/helloworld.o" "../src/helloworld.c"
../src/helloworld.c: In function 'main':
../src/helloworld.c:39:40: error: expected expression before '%' token
         printf("%d %d\n", DIP_SW_data, %d);
                                        ^
../src/helloworld.c:13:18: warning: variable 'BTN_data' set but not used [-Wunused-but-set-variable]
     unsigned int BTN_data = 0;
                  ^~~~~~~~
make: *** [src/helloworld.o] 오류 1
15:33:17 **** Auto Build of configuration Debug for project helloworld ****
make pre-build main-build 
a9-linaro-pre-build-step
' '
'Building file: ../src/helloworld.c'
'Invoking: ARM v7 gcc compiler'
arm-none-eabi-gcc -Wall -O0 -g3 -c -fmessage-length=0 -MT"src/helloworld.o" -mcpu=cortex-a9 -mfpu=vfpv3 -mfloat-abi=hard -I../../helloworld_bsp/ps7_cortexa9_0/include -MMD -MP -MF"src/helloworld.d" -MT"src/helloworld.o" -o "src/helloworld.o" "../src/helloworld.c"
'Finished building: ../src/helloworld.c'
' '
'Building target: helloworld.elf'
'Invoking: ARM v7 gcc linker'
arm-none-eabi-gcc -mcpu=cortex-a9 -mfpu=vfpv3 -mfloat-abi=hard -Wl,-build-id=none -specs=Xilinx.spec -Wl,-T -Wl,../src/lscript.ld -L../../helloworld_bsp/ps7_cortexa9_0/lib -o "helloworld.elf"  ./src/helloworld.o ./src/platform.o   -Wl,--start-group,-lxil,-lgcc,-lc,--end-group
'Finished building target: helloworld.elf'
' '
'Invoking: ARM v7 Print Size'
arm-none-eabi-size helloworld.elf  |tee "helloworld.elf.size"
   text	   data	    bss	    dec	    hex	filename
  72008	   2612	  23376	  97996	  17ecc	helloworld.elf
'Finished building: helloworld.elf.size'
' '
15:33:56 **** Incremental Build of configuration Debug for project helloworld ****
make pre-build main-build 
a9-linaro-pre-build-step
' '
make: `main-build'를 위해 할 일이 없습니다
15:34:20 **** Incremental Build of configuration Debug for project helloworld ****
make pre-build main-build 
a9-linaro-pre-build-step
' '
make: `main-build'를 위해 할 일이 없습니다
