05:34:45 **** Auto Build of configuration Debug for project Hello_world ****
make pre-build main-build 
a9-linaro-pre-build-step
' '
'Building file: ../src/helloworld.c'
'Invoking: ARM v7 gcc compiler'
arm-none-eabi-gcc -Wall -O0 -g3 -c -fmessage-length=0 -MT"src/helloworld.o" -mcpu=cortex-a9 -mfpu=vfpv3 -mfloat-abi=hard -I../../Hello_world_bsp/ps7_cortexa9_0/include -MMD -MP -MF"src/helloworld.d" -MT"src/helloworld.o" -o "src/helloworld.o" "../src/helloworld.c"
'Finished building: ../src/helloworld.c'
' '
'Building target: Hello_world.elf'
'Invoking: ARM v7 gcc linker'
arm-none-eabi-gcc -mcpu=cortex-a9 -mfpu=vfpv3 -mfloat-abi=hard -Wl,-build-id=none -specs=Xilinx.spec -Wl,-T -Wl,../src/lscript.ld -L../../Hello_world_bsp/ps7_cortexa9_0/lib -o "Hello_world.elf"  ./src/helloworld.o ./src/platform.o   -Wl,--start-group,-lxil,-lgcc,-lc,--end-group
'Finished building target: Hello_world.elf'
' '
'Invoking: ARM v7 Print Size'
arm-none-eabi-size Hello_world.elf  |tee "Hello_world.elf.size"
   text	   data	    bss	    dec	    hex	filename
  24068	   1168	  22648	  47884	   bb0c	Hello_world.elf
'Finished building: Hello_world.elf.size'
' '

05:34:46 Build Finished (took 988ms)

