21:43:07 **** Auto Build of configuration Debug for project hello_World_bsp_xscutimer_intr_example_1 ****
make pre-build main-build 
a9-linaro-pre-build-step
' '
'Building file: ../src/xscutimer_intr_example.c'
'Invoking: ARM v7 gcc compiler'
arm-none-eabi-gcc -Wall -O0 -g3 -c -fmessage-length=0 -MT"src/xscutimer_intr_example.o" -mcpu=cortex-a9 -mfpu=vfpv3 -mfloat-abi=hard -I../../hello_World_bsp/ps7_cortexa9_0/include -MMD -MP -MF"src/xscutimer_intr_example.d" -MT"src/xscutimer_intr_example.o" -o "src/xscutimer_intr_example.o" "../src/xscutimer_intr_example.c"
'Finished building: ../src/xscutimer_intr_example.c'
' '
'Building target: hello_World_bsp_xscutimer_intr_example_1.elf'
'Invoking: ARM v7 gcc linker'
arm-none-eabi-gcc -mcpu=cortex-a9 -mfpu=vfpv3 -mfloat-abi=hard -Wl,-build-id=none -specs=Xilinx.spec -Wl,-T -Wl,../src/lscript.ld -L../../hello_World_bsp/ps7_cortexa9_0/lib -o "hello_World_bsp_xscutimer_intr_example_1.elf"  ./src/xscutimer_intr_example.o   -Wl,--start-group,-lxil,-lgcc,-lc,--end-group
'Finished building target: hello_World_bsp_xscutimer_intr_example_1.elf'
' '
'Invoking: ARM v7 Print Size'
arm-none-eabi-size hello_World_bsp_xscutimer_intr_example_1.elf  |tee "hello_World_bsp_xscutimer_intr_example_1.elf.size"
   text	   data	    bss	    dec	    hex	filename
  27228	   2728	  22616	  52572	   cd5c	hello_World_bsp_xscutimer_intr_example_1.elf
'Finished building: hello_World_bsp_xscutimer_intr_example_1.elf.size'
' '

21:43:08 Build Finished (took 788ms)

